MPLINK 5.08, LINKER
Linker Map File - Created Fri Nov 27 02:09:02 2020

                                 Section Info
                  Section       Type    Address   Location Size(Bytes)
                ---------  ---------  ---------  ---------  ---------
                 RES_VECT       code   0x000000    program   0x000002
                   .cinit    romdata   0x000001    program   0x000004
                 ISR_VECT       code   0x000004    program   0x00006c
                MAIN_PROG       code   0x000100    program   0x0000f0
.config_2007_BUILD/DEFAULT/PRODUCTION/P3.O       code   0x002007    program   0x000002
.config_2008_BUILD/DEFAULT/PRODUCTION/P3.O       code   0x002008    program   0x000002
                   PR_VAR      udata   0x000020       data   0x000006



                              Program Memory Usage 
                               Start         End      
                           ---------   ---------      
                            0x000000    0x000002      
                            0x000004    0x000039      
                            0x000100    0x000177      
                            0x002007    0x002008      
            179 out of 8455 program addresses used, program memory utilization is 2%



                              Symbols - Sorted by Name
                     Name    Address   Location    Storage File                     
                ---------  ---------  ---------  --------- ---------                
               CONFIG_ADC   0x000122    program     static C:\Users\franc\Documents\GitHub\Progra-de-Micros\ANIMATRONICO.X\p3.asm
              CONFIG_CCP1   0x000136    program     static C:\Users\franc\Documents\GitHub\Progra-de-Micros\ANIMATRONICO.X\p3.asm
              CONFIG_CCP2   0x000141    program     static C:\Users\franc\Documents\GitHub\Progra-de-Micros\ANIMATRONICO.X\p3.asm
               CONFIG_INT   0x000171    program     static C:\Users\franc\Documents\GitHub\Progra-de-Micros\ANIMATRONICO.X\p3.asm
                CONFIG_IO   0x000109    program     static C:\Users\franc\Documents\GitHub\Progra-de-Micros\ANIMATRONICO.X\p3.asm
                CONFIG_RX   0x000168    program     static C:\Users\franc\Documents\GitHub\Progra-de-Micros\ANIMATRONICO.X\p3.asm
              CONFIG_TMR0   0x00014a    program     static C:\Users\franc\Documents\GitHub\Progra-de-Micros\ANIMATRONICO.X\p3.asm
              CONFIG_TMR1   0x000152    program     static C:\Users\franc\Documents\GitHub\Progra-de-Micros\ANIMATRONICO.X\p3.asm
              CONFIG_TMR2   0x00012c    program     static C:\Users\franc\Documents\GitHub\Progra-de-Micros\ANIMATRONICO.X\p3.asm
                CONFIG_TX   0x00015a    program     static C:\Users\franc\Documents\GitHub\Progra-de-Micros\ANIMATRONICO.X\p3.asm
               CONFIG_VAR   0x00011d    program     static C:\Users\franc\Documents\GitHub\Progra-de-Micros\ANIMATRONICO.X\p3.asm
                      ISR   0x000008    program     static C:\Users\franc\Documents\GitHub\Progra-de-Micros\ANIMATRONICO.X\p3.asm
                     LOOP   0x000108    program     static C:\Users\franc\Documents\GitHub\Progra-de-Micros\ANIMATRONICO.X\p3.asm
                    MAPEO   0x000017    program     static C:\Users\franc\Documents\GitHub\Progra-de-Micros\ANIMATRONICO.X\p3.asm
                      POP   0x00000c    program     static C:\Users\franc\Documents\GitHub\Progra-de-Micros\ANIMATRONICO.X\p3.asm
                     PUSH   0x000004    program     static C:\Users\franc\Documents\GitHub\Progra-de-Micros\ANIMATRONICO.X\p3.asm
                  RUT_ADC   0x000020    program     static C:\Users\franc\Documents\GitHub\Progra-de-Micros\ANIMATRONICO.X\p3.asm
                 RUT_TMR1   0x000012    program     static C:\Users\franc\Documents\GitHub\Progra-de-Micros\ANIMATRONICO.X\p3.asm
                   SERVO1   0x000022    program     static C:\Users\franc\Documents\GitHub\Progra-de-Micros\ANIMATRONICO.X\p3.asm
                   SERVO2   0x00002e    program     static C:\Users\franc\Documents\GitHub\Progra-de-Micros\ANIMATRONICO.X\p3.asm
                    START   0x000100    program     static C:\Users\franc\Documents\GitHub\Progra-de-Micros\ANIMATRONICO.X\p3.asm
                    FLAGS   0x000023       data     static C:\Users\franc\Documents\GitHub\Progra-de-Micros\ANIMATRONICO.X\p3.asm
                    SERV1   0x000020       data     static C:\Users\franc\Documents\GitHub\Progra-de-Micros\ANIMATRONICO.X\p3.asm
                    SERV2   0x000021       data     static C:\Users\franc\Documents\GitHub\Progra-de-Micros\ANIMATRONICO.X\p3.asm
                    SERV3   0x000022       data     static C:\Users\franc\Documents\GitHub\Progra-de-Micros\ANIMATRONICO.X\p3.asm
              STATUS_TEMP   0x000025       data     static C:\Users\franc\Documents\GitHub\Progra-de-Micros\ANIMATRONICO.X\p3.asm
                   W_TEMP   0x000024       data     static C:\Users\franc\Documents\GitHub\Progra-de-Micros\ANIMATRONICO.X\p3.asm



                              Symbols - Sorted by Address
                     Name    Address   Location    Storage File                     
                ---------  ---------  ---------  --------- ---------                
                     PUSH   0x000004    program     static C:\Users\franc\Documents\GitHub\Progra-de-Micros\ANIMATRONICO.X\p3.asm
                      ISR   0x000008    program     static C:\Users\franc\Documents\GitHub\Progra-de-Micros\ANIMATRONICO.X\p3.asm
                      POP   0x00000c    program     static C:\Users\franc\Documents\GitHub\Progra-de-Micros\ANIMATRONICO.X\p3.asm
                 RUT_TMR1   0x000012    program     static C:\Users\franc\Documents\GitHub\Progra-de-Micros\ANIMATRONICO.X\p3.asm
                    MAPEO   0x000017    program     static C:\Users\franc\Documents\GitHub\Progra-de-Micros\ANIMATRONICO.X\p3.asm
                  RUT_ADC   0x000020    program     static C:\Users\franc\Documents\GitHub\Progra-de-Micros\ANIMATRONICO.X\p3.asm
                   SERVO1   0x000022    program     static C:\Users\franc\Documents\GitHub\Progra-de-Micros\ANIMATRONICO.X\p3.asm
                   SERVO2   0x00002e    program     static C:\Users\franc\Documents\GitHub\Progra-de-Micros\ANIMATRONICO.X\p3.asm
                    START   0x000100    program     static C:\Users\franc\Documents\GitHub\Progra-de-Micros\ANIMATRONICO.X\p3.asm
                     LOOP   0x000108    program     static C:\Users\franc\Documents\GitHub\Progra-de-Micros\ANIMATRONICO.X\p3.asm
                CONFIG_IO   0x000109    program     static C:\Users\franc\Documents\GitHub\Progra-de-Micros\ANIMATRONICO.X\p3.asm
               CONFIG_VAR   0x00011d    program     static C:\Users\franc\Documents\GitHub\Progra-de-Micros\ANIMATRONICO.X\p3.asm
               CONFIG_ADC   0x000122    program     static C:\Users\franc\Documents\GitHub\Progra-de-Micros\ANIMATRONICO.X\p3.asm
              CONFIG_TMR2   0x00012c    program     static C:\Users\franc\Documents\GitHub\Progra-de-Micros\ANIMATRONICO.X\p3.asm
              CONFIG_CCP1   0x000136    program     static C:\Users\franc\Documents\GitHub\Progra-de-Micros\ANIMATRONICO.X\p3.asm
              CONFIG_CCP2   0x000141    program     static C:\Users\franc\Documents\GitHub\Progra-de-Micros\ANIMATRONICO.X\p3.asm
              CONFIG_TMR0   0x00014a    program     static C:\Users\franc\Documents\GitHub\Progra-de-Micros\ANIMATRONICO.X\p3.asm
              CONFIG_TMR1   0x000152    program     static C:\Users\franc\Documents\GitHub\Progra-de-Micros\ANIMATRONICO.X\p3.asm
                CONFIG_TX   0x00015a    program     static C:\Users\franc\Documents\GitHub\Progra-de-Micros\ANIMATRONICO.X\p3.asm
                CONFIG_RX   0x000168    program     static C:\Users\franc\Documents\GitHub\Progra-de-Micros\ANIMATRONICO.X\p3.asm
               CONFIG_INT   0x000171    program     static C:\Users\franc\Documents\GitHub\Progra-de-Micros\ANIMATRONICO.X\p3.asm
                    SERV1   0x000020       data     static C:\Users\franc\Documents\GitHub\Progra-de-Micros\ANIMATRONICO.X\p3.asm
                    SERV2   0x000021       data     static C:\Users\franc\Documents\GitHub\Progra-de-Micros\ANIMATRONICO.X\p3.asm
                    SERV3   0x000022       data     static C:\Users\franc\Documents\GitHub\Progra-de-Micros\ANIMATRONICO.X\p3.asm
                    FLAGS   0x000023       data     static C:\Users\franc\Documents\GitHub\Progra-de-Micros\ANIMATRONICO.X\p3.asm
                   W_TEMP   0x000024       data     static C:\Users\franc\Documents\GitHub\Progra-de-Micros\ANIMATRONICO.X\p3.asm
              STATUS_TEMP   0x000025       data     static C:\Users\franc\Documents\GitHub\Progra-de-Micros\ANIMATRONICO.X\p3.asm


