MPLINK 5.08, LINKER
Linker Map File - Created Mon Oct 26 23:02:38 2020

                                 Section Info
                  Section       Type    Address   Location Size(Bytes)
                ---------  ---------  ---------  ---------  ---------
                 RES_VECT       code   0x000000    program   0x000002
                   .cinit    romdata   0x000001    program   0x000004
                 ISR_VECT       code   0x000004    program   0x0000a2
                MAIN_PROG       code   0x000100    program   0x00016a
.config_2007_BUILD/DEFAULT/PRODUCTION/PROYECT       code   0x002007    program   0x000002
.config_2008_BUILD/DEFAULT/PRODUCTION/PROYECT       code   0x002008    program   0x000002
                   PR_VAR      udata   0x000020       data   0x000015



                              Program Memory Usage 
                               Start         End      
                           ---------   ---------      
                            0x000000    0x000002      
                            0x000004    0x000054      
                            0x000100    0x0001b4      
                            0x002007    0x002008      
            267 out of 8455 program addresses used, program memory utilization is 3%



                              Symbols - Sorted by Name
                     Name    Address   Location    Storage File                     
                ---------  ---------  ---------  --------- ---------                
                     COMA   0x000119    program     static C:\Users\franc\Documents\GitHub\Etch\Etchasketch.X\proyecto2.asm
               CONFIG_ADC   0x00016b    program     static C:\Users\franc\Documents\GitHub\Etch\Etchasketch.X\proyecto2.asm
               CONFIG_INT   0x000196    program     static C:\Users\franc\Documents\GitHub\Etch\Etchasketch.X\proyecto2.asm
                CONFIG_IO   0x000153    program     static C:\Users\franc\Documents\GitHub\Etch\Etchasketch.X\proyecto2.asm
                CONFIG_RX   0x00018d    program     static C:\Users\franc\Documents\GitHub\Etch\Etchasketch.X\proyecto2.asm
              CONFIG_TMR0   0x000166    program     static C:\Users\franc\Documents\GitHub\Etch\Etchasketch.X\proyecto2.asm
              CONFIG_TMR2   0x000183    program     static C:\Users\franc\Documents\GitHub\Etch\Etchasketch.X\proyecto2.asm
                CONFIG_TX   0x000175    program     static C:\Users\franc\Documents\GitHub\Etch\Etchasketch.X\proyecto2.asm
               CONFIG_VAR   0x00019d    program     static C:\Users\franc\Documents\GitHub\Etch\Etchasketch.X\proyecto2.asm
                       CX   0x000115    program     static C:\Users\franc\Documents\GitHub\Etch\Etchasketch.X\proyecto2.asm
                       CY   0x00011d    program     static C:\Users\franc\Documents\GitHub\Etch\Etchasketch.X\proyecto2.asm
                 DISPLAYS   0x00012f    program     static C:\Users\franc\Documents\GitHub\Etch\Etchasketch.X\proyecto2.asm
                 DISPLAYX   0x000135    program     static C:\Users\franc\Documents\GitHub\Etch\Etchasketch.X\proyecto2.asm
                DISPLAYX1   0x000137    program     static C:\Users\franc\Documents\GitHub\Etch\Etchasketch.X\proyecto2.asm
                DISPLAYX2   0x00013d    program     static C:\Users\franc\Documents\GitHub\Etch\Etchasketch.X\proyecto2.asm
                 DISPLAYY   0x000144    program     static C:\Users\franc\Documents\GitHub\Etch\Etchasketch.X\proyecto2.asm
                DISPLAYY1   0x000146    program     static C:\Users\franc\Documents\GitHub\Etch\Etchasketch.X\proyecto2.asm
                DISPLAYY2   0x00014c    program     static C:\Users\franc\Documents\GitHub\Etch\Etchasketch.X\proyecto2.asm
                      ESP   0x000121    program     static C:\Users\franc\Documents\GitHub\Etch\Etchasketch.X\proyecto2.asm
                      ISR   0x000008    program     static C:\Users\franc\Documents\GitHub\Etch\Etchasketch.X\proyecto2.asm
                     LOOP   0x000108    program     static C:\Users\franc\Documents\GitHub\Etch\Etchasketch.X\proyecto2.asm
                      POP   0x000010    program     static C:\Users\franc\Documents\GitHub\Etch\Etchasketch.X\proyecto2.asm
                     PUSH   0x000004    program     static C:\Users\franc\Documents\GitHub\Etch\Etchasketch.X\proyecto2.asm
                 RECIBIRX   0x00003b    program     static C:\Users\franc\Documents\GitHub\Etch\Etchasketch.X\proyecto2.asm
                 RECIBIRY   0x00003f    program     static C:\Users\franc\Documents\GitHub\Etch\Etchasketch.X\proyecto2.asm
                  RUT_ADC   0x00001d    program     static C:\Users\franc\Documents\GitHub\Etch\Etchasketch.X\proyecto2.asm
              RUT_RECIEVE   0x000037    program     static C:\Users\franc\Documents\GitHub\Etch\Etchasketch.X\proyecto2.asm
                 RUT_SEND   0x000033    program     static C:\Users\franc\Documents\GitHub\Etch\Etchasketch.X\proyecto2.asm
                 RUT_TMR0   0x000016    program     static C:\Users\franc\Documents\GitHub\Etch\Etchasketch.X\proyecto2.asm
                   SPLITX   0x000125    program     static C:\Users\franc\Documents\GitHub\Etch\Etchasketch.X\proyecto2.asm
                   SPLITY   0x00012a    program     static C:\Users\franc\Documents\GitHub\Etch\Etchasketch.X\proyecto2.asm
                    START   0x000100    program     static C:\Users\franc\Documents\GitHub\Etch\Etchasketch.X\proyecto2.asm
                    TABLA   0x000043    program     static C:\Users\franc\Documents\GitHub\Etch\Etchasketch.X\proyecto2.asm
                       TX   0x000109    program     static C:\Users\franc\Documents\GitHub\Etch\Etchasketch.X\proyecto2.asm
                    VAL_X   0x00001f    program     static C:\Users\franc\Documents\GitHub\Etch\Etchasketch.X\proyecto2.asm
                    VAL_Y   0x000029    program     static C:\Users\franc\Documents\GitHub\Etch\Etchasketch.X\proyecto2.asm
                    CENTX   0x00002c       data     static C:\Users\franc\Documents\GitHub\Etch\Etchasketch.X\proyecto2.asm
                    CENTY   0x00002f       data     static C:\Users\franc\Documents\GitHub\Etch\Etchasketch.X\proyecto2.asm
                    DECEX   0x00002d       data     static C:\Users\franc\Documents\GitHub\Etch\Etchasketch.X\proyecto2.asm
                    DECEY   0x000030       data     static C:\Users\franc\Documents\GitHub\Etch\Etchasketch.X\proyecto2.asm
                     FLAG   0x000024       data     static C:\Users\franc\Documents\GitHub\Etch\Etchasketch.X\proyecto2.asm
                  FLAGADC   0x000025       data     static C:\Users\franc\Documents\GitHub\Etch\Etchasketch.X\proyecto2.asm
                INDICADOR   0x000032       data     static C:\Users\franc\Documents\GitHub\Etch\Etchasketch.X\proyecto2.asm
                     INFO   0x000028       data     static C:\Users\franc\Documents\GitHub\Etch\Etchasketch.X\proyecto2.asm
                    INFO2   0x000029       data     static C:\Users\franc\Documents\GitHub\Etch\Etchasketch.X\proyecto2.asm
                    INFOX   0x00002a       data     static C:\Users\franc\Documents\GitHub\Etch\Etchasketch.X\proyecto2.asm
                    INFOY   0x00002b       data     static C:\Users\franc\Documents\GitHub\Etch\Etchasketch.X\proyecto2.asm
                       NH   0x000020       data     static C:\Users\franc\Documents\GitHub\Etch\Etchasketch.X\proyecto2.asm
                      NH1   0x000022       data     static C:\Users\franc\Documents\GitHub\Etch\Etchasketch.X\proyecto2.asm
                       NL   0x000021       data     static C:\Users\franc\Documents\GitHub\Etch\Etchasketch.X\proyecto2.asm
                      NL1   0x000023       data     static C:\Users\franc\Documents\GitHub\Etch\Etchasketch.X\proyecto2.asm
                     RECX   0x000033       data     static C:\Users\franc\Documents\GitHub\Etch\Etchasketch.X\proyecto2.asm
                     RECY   0x000034       data     static C:\Users\franc\Documents\GitHub\Etch\Etchasketch.X\proyecto2.asm
              STATUS_TEMP   0x000027       data     static C:\Users\franc\Documents\GitHub\Etch\Etchasketch.X\proyecto2.asm
                      UNX   0x00002e       data     static C:\Users\franc\Documents\GitHub\Etch\Etchasketch.X\proyecto2.asm
                      UNY   0x000031       data     static C:\Users\franc\Documents\GitHub\Etch\Etchasketch.X\proyecto2.asm
                   W_TEMP   0x000026       data     static C:\Users\franc\Documents\GitHub\Etch\Etchasketch.X\proyecto2.asm



                              Symbols - Sorted by Address
                     Name    Address   Location    Storage File                     
                ---------  ---------  ---------  --------- ---------                
                     PUSH   0x000004    program     static C:\Users\franc\Documents\GitHub\Etch\Etchasketch.X\proyecto2.asm
                      ISR   0x000008    program     static C:\Users\franc\Documents\GitHub\Etch\Etchasketch.X\proyecto2.asm
                      POP   0x000010    program     static C:\Users\franc\Documents\GitHub\Etch\Etchasketch.X\proyecto2.asm
                 RUT_TMR0   0x000016    program     static C:\Users\franc\Documents\GitHub\Etch\Etchasketch.X\proyecto2.asm
                  RUT_ADC   0x00001d    program     static C:\Users\franc\Documents\GitHub\Etch\Etchasketch.X\proyecto2.asm
                    VAL_X   0x00001f    program     static C:\Users\franc\Documents\GitHub\Etch\Etchasketch.X\proyecto2.asm
                    VAL_Y   0x000029    program     static C:\Users\franc\Documents\GitHub\Etch\Etchasketch.X\proyecto2.asm
                 RUT_SEND   0x000033    program     static C:\Users\franc\Documents\GitHub\Etch\Etchasketch.X\proyecto2.asm
              RUT_RECIEVE   0x000037    program     static C:\Users\franc\Documents\GitHub\Etch\Etchasketch.X\proyecto2.asm
                 RECIBIRX   0x00003b    program     static C:\Users\franc\Documents\GitHub\Etch\Etchasketch.X\proyecto2.asm
                 RECIBIRY   0x00003f    program     static C:\Users\franc\Documents\GitHub\Etch\Etchasketch.X\proyecto2.asm
                    TABLA   0x000043    program     static C:\Users\franc\Documents\GitHub\Etch\Etchasketch.X\proyecto2.asm
                    START   0x000100    program     static C:\Users\franc\Documents\GitHub\Etch\Etchasketch.X\proyecto2.asm
                     LOOP   0x000108    program     static C:\Users\franc\Documents\GitHub\Etch\Etchasketch.X\proyecto2.asm
                       TX   0x000109    program     static C:\Users\franc\Documents\GitHub\Etch\Etchasketch.X\proyecto2.asm
                       CX   0x000115    program     static C:\Users\franc\Documents\GitHub\Etch\Etchasketch.X\proyecto2.asm
                     COMA   0x000119    program     static C:\Users\franc\Documents\GitHub\Etch\Etchasketch.X\proyecto2.asm
                       CY   0x00011d    program     static C:\Users\franc\Documents\GitHub\Etch\Etchasketch.X\proyecto2.asm
                      ESP   0x000121    program     static C:\Users\franc\Documents\GitHub\Etch\Etchasketch.X\proyecto2.asm
                   SPLITX   0x000125    program     static C:\Users\franc\Documents\GitHub\Etch\Etchasketch.X\proyecto2.asm
                   SPLITY   0x00012a    program     static C:\Users\franc\Documents\GitHub\Etch\Etchasketch.X\proyecto2.asm
                 DISPLAYS   0x00012f    program     static C:\Users\franc\Documents\GitHub\Etch\Etchasketch.X\proyecto2.asm
                 DISPLAYX   0x000135    program     static C:\Users\franc\Documents\GitHub\Etch\Etchasketch.X\proyecto2.asm
                DISPLAYX1   0x000137    program     static C:\Users\franc\Documents\GitHub\Etch\Etchasketch.X\proyecto2.asm
                DISPLAYX2   0x00013d    program     static C:\Users\franc\Documents\GitHub\Etch\Etchasketch.X\proyecto2.asm
                 DISPLAYY   0x000144    program     static C:\Users\franc\Documents\GitHub\Etch\Etchasketch.X\proyecto2.asm
                DISPLAYY1   0x000146    program     static C:\Users\franc\Documents\GitHub\Etch\Etchasketch.X\proyecto2.asm
                DISPLAYY2   0x00014c    program     static C:\Users\franc\Documents\GitHub\Etch\Etchasketch.X\proyecto2.asm
                CONFIG_IO   0x000153    program     static C:\Users\franc\Documents\GitHub\Etch\Etchasketch.X\proyecto2.asm
              CONFIG_TMR0   0x000166    program     static C:\Users\franc\Documents\GitHub\Etch\Etchasketch.X\proyecto2.asm
               CONFIG_ADC   0x00016b    program     static C:\Users\franc\Documents\GitHub\Etch\Etchasketch.X\proyecto2.asm
                CONFIG_TX   0x000175    program     static C:\Users\franc\Documents\GitHub\Etch\Etchasketch.X\proyecto2.asm
              CONFIG_TMR2   0x000183    program     static C:\Users\franc\Documents\GitHub\Etch\Etchasketch.X\proyecto2.asm
                CONFIG_RX   0x00018d    program     static C:\Users\franc\Documents\GitHub\Etch\Etchasketch.X\proyecto2.asm
               CONFIG_INT   0x000196    program     static C:\Users\franc\Documents\GitHub\Etch\Etchasketch.X\proyecto2.asm
               CONFIG_VAR   0x00019d    program     static C:\Users\franc\Documents\GitHub\Etch\Etchasketch.X\proyecto2.asm
                       NH   0x000020       data     static C:\Users\franc\Documents\GitHub\Etch\Etchasketch.X\proyecto2.asm
                       NL   0x000021       data     static C:\Users\franc\Documents\GitHub\Etch\Etchasketch.X\proyecto2.asm
                      NH1   0x000022       data     static C:\Users\franc\Documents\GitHub\Etch\Etchasketch.X\proyecto2.asm
                      NL1   0x000023       data     static C:\Users\franc\Documents\GitHub\Etch\Etchasketch.X\proyecto2.asm
                     FLAG   0x000024       data     static C:\Users\franc\Documents\GitHub\Etch\Etchasketch.X\proyecto2.asm
                  FLAGADC   0x000025       data     static C:\Users\franc\Documents\GitHub\Etch\Etchasketch.X\proyecto2.asm
                   W_TEMP   0x000026       data     static C:\Users\franc\Documents\GitHub\Etch\Etchasketch.X\proyecto2.asm
              STATUS_TEMP   0x000027       data     static C:\Users\franc\Documents\GitHub\Etch\Etchasketch.X\proyecto2.asm
                     INFO   0x000028       data     static C:\Users\franc\Documents\GitHub\Etch\Etchasketch.X\proyecto2.asm
                    INFO2   0x000029       data     static C:\Users\franc\Documents\GitHub\Etch\Etchasketch.X\proyecto2.asm
                    INFOX   0x00002a       data     static C:\Users\franc\Documents\GitHub\Etch\Etchasketch.X\proyecto2.asm
                    INFOY   0x00002b       data     static C:\Users\franc\Documents\GitHub\Etch\Etchasketch.X\proyecto2.asm
                    CENTX   0x00002c       data     static C:\Users\franc\Documents\GitHub\Etch\Etchasketch.X\proyecto2.asm
                    DECEX   0x00002d       data     static C:\Users\franc\Documents\GitHub\Etch\Etchasketch.X\proyecto2.asm
                      UNX   0x00002e       data     static C:\Users\franc\Documents\GitHub\Etch\Etchasketch.X\proyecto2.asm
                    CENTY   0x00002f       data     static C:\Users\franc\Documents\GitHub\Etch\Etchasketch.X\proyecto2.asm
                    DECEY   0x000030       data     static C:\Users\franc\Documents\GitHub\Etch\Etchasketch.X\proyecto2.asm
                      UNY   0x000031       data     static C:\Users\franc\Documents\GitHub\Etch\Etchasketch.X\proyecto2.asm
                INDICADOR   0x000032       data     static C:\Users\franc\Documents\GitHub\Etch\Etchasketch.X\proyecto2.asm
                     RECX   0x000033       data     static C:\Users\franc\Documents\GitHub\Etch\Etchasketch.X\proyecto2.asm
                     RECY   0x000034       data     static C:\Users\franc\Documents\GitHub\Etch\Etchasketch.X\proyecto2.asm


